<html>
<body>
<pre>
<h1>µVision Build Log</h1>
<h2>Tool Versions:</h2>
IDE-Version: ¦ÌVision V5.38.0.0
Copyright (C) 2022 ARM Ltd and ARM Germany GmbH. All rights reserved.
License Information: 1¡¤ yoga101163@gmail.com, 1, LIC=WHYH9-4ZFDH-MMY9I-TLXMV-U2XWC-7TLJU
 
Tool Versions:
Toolchain:       MDK-ARM Plus  Version: 5.38.0.0
Toolchain Path:  D:\Embedded Systems Course (2026)\ProgramFile\MDK\Core\ARM\ARMCC\Bin
C Compiler:      Armcc.exe V5.06 update 7 (build 960)
Assembler:       Armasm.exe V5.06 update 7 (build 960)
Linker/Locator:  ArmLink.exe V5.06 update 7 (build 960)
Library Manager: ArmAr.exe V5.06 update 7 (build 960)
Hex Converter:   FromElf.exe V5.06 update 7 (build 960)
CPU DLL:         SARMCM3.DLL V5.38.0.0
Dialog DLL:      DCM.DLL V1.17.5.0
Target DLL:      Segger\JL2CM3.dll V2.99.42.0
Dialog DLL:      TCM.DLL V1.56.4.0
 
<h2>Project:</h2>
D:\Embedded_Systems_app_install\program_2\RTOS_Guardian_BMS\MDK-ARM\IIC_CST816T_LCD_driver.uvprojx
Project File Date:  05/05/2026

<h2>Output:</h2>
*** Using Compiler 'V5.06 update 7 (build 960)', folder: 'D:\Embedded Systems Course (2026)\ProgramFile\MDK\Core\ARM\ARMCC\Bin'
Build target 'IIC_CST816T_LCD_driver'
compiling freertos.c...
../BSP/CST816T/Driver/Inc/bsp_cst816t_link.h(99): warning:  #188-D: enumerated type mixed with another type
      HAL_GPIO_WritePin(GPIOB, GPIO_PIN_10, state);
../Core/Src/freertos.c(61): warning:  #144-D: a value of type "uint8_t (*)(uint8_t *, uint32_t)" cannot be used to initialize an entity of type "uint8_t (*)(const uint8_t *, uint32_t)"
    .pf_spi_transmit = spi_transmit_data,
../Core/Src/freertos.c(62): warning:  #144-D: a value of type "uint8_t (*)(uint8_t *, uint32_t)" cannot be used to initialize an entity of type "uint8_t (*)(const uint8_t *, uint32_t)"
    .pf_spi_transmit_dma = spi_transmit_data_dma,
../Core/Src/freertos.c: 3 warnings, 0 errors
linking...
Program Size: Code=193568 RO-data=188476 RW-data=872 ZI-data=118200  
FromELF: creating hex file...
"IIC_CST816T_LCD_driver\IIC_CST816T_LCD_driver.axf" - 0 Error(s), 3 Warning(s).

<h2>Software Packages used:</h2>

Package Vendor: ARM
                http://www.keil.com/pack/ARM.CMSIS.5.9.0.pack
                ARM.CMSIS.5.9.0
                CMSIS (Common Microcontroller Software Interface Standard)
   * Component: CORE Version: 5.6.0

Package Vendor: Keil
                https://www.keil.com/pack/Keil.STM32F4xx_DFP.2.17.1.pack
                Keil.STM32F4xx_DFP.2.17.1
                STMicroelectronics STM32F4 Series Device Support, Drivers and Examples

<h2>Collection of Component include folders:</h2>
  ./RTE/_IIC_CST816T_LCD_driver
  D:/Embedded Systems Course (2026)/ProgramFile/MDK/Packs/ARM/CMSIS/5.9.0/CMSIS/Core/Include
  D:/Embedded Systems Course (2026)/ProgramFile/MDK/Packs/Keil/STM32F4xx_DFP/2.17.1/Drivers/CMSIS/Device/ST/STM32F4xx/Include

<h2>Collection of Component Files used:</h2>

   * Component: ARM::CMSIS:CORE:5.6.0
      Include file:  CMSIS/Core/Include/tz_context.h
Build Time Elapsed:  00:00:04
</pre>
</body>
</html>
