<html>
<body>
<pre>
<h1>µVision Build Log</h1>
<h2>Tool Versions:</h2>
IDE-Version: ¶ÃVision V5.38.0.0
Copyright (C) 2022 ARM Ltd and ARM Germany GmbH. All rights reserved.
License Information: 1°§ yoga101163@gmail.com, 1, LIC=WHYH9-4ZFDH-MMY9I-TLXMV-U2XWC-7TLJU
 
Tool Versions:
Toolchain:       MDK-ARM Plus  Version: 5.38.0.0
Toolchain Path:  D:\Embedded Systems Course (2026)\ProgramFile\MDK\Core\ARM\ARMCC\Bin
C Compiler:      Armcc.exe V5.06 update 7 (build 960)
Assembler:       Armasm.exe V5.06 update 7 (build 960)
Linker/Locator:  ArmLink.exe V5.06 update 7 (build 960)
Library Manager: ArmAr.exe V5.06 update 7 (build 960)
Hex Converter:   FromElf.exe V5.06 update 7 (build 960)
CPU DLL:         SARMCM3.DLL V5.38.0.0
Dialog DLL:      DCM.DLL V1.17.5.0
Target DLL:      Segger\JL2CM3.dll V2.99.42.0
Dialog DLL:      TCM.DLL V1.56.4.0
 
<h2>Project:</h2>
D:\Embedded Systems Course (2026)\œ¬‘ÿ◊ ¡œ\IIC_CST816T_LCD_driver_2\IIC_CST816T_LCD_driver_2\MDK-ARM\IIC_CST816T_LCD_driver.uvprojx
Project File Date:  05/04/2026

<h2>Output:</h2>
*** Using Compiler 'V5.06 update 7 (build 960)', folder: 'D:\Embedded Systems Course (2026)\ProgramFile\MDK\Core\ARM\ARMCC\Bin'
Rebuild target 'IIC_CST816T_LCD_driver'
assembling startup_stm32f411xe.s...
compiling fonts.c...
compiling elog_utils.c...
compiling elog.c...
compiling bsp_st7789_driver.c...
..\BSP\ST7789\Driver\Src\bsp_st7789_driver.c(196): warning:  #186-D: pointless comparison of unsigned integer with zero
      if ((x < 0) || (x >= ST7789_WIDTH) ||
..\BSP\ST7789\Driver\Src\bsp_st7789_driver.c(197): warning:  #186-D: pointless comparison of unsigned integer with zero
  	(y < 0) || (y >= ST7789_HEIGHT))	return 1;
..\BSP\ST7789\Driver\Src\bsp_st7789_driver.c(212): warning:  #186-D: pointless comparison of unsigned integer with zero
      if ((xEnd < 0) || (xEnd >= ST7789_WIDTH) ||
..\BSP\ST7789\Driver\Src\bsp_st7789_driver.c(213): warning:  #186-D: pointless comparison of unsigned integer with zero
  	(yEnd < 0) || (yEnd >= ST7789_HEIGHT))	return 1;
..\BSP\ST7789\Driver\Src\bsp_st7789_driver.c: 4 warnings, 0 errors
compiling elog_port.c...
compiling SEGGER_RTT.c...
compiling SEGGER_RTT_printf.c...
compiling stm32f4xx_hal_timebase_tim.c...
compiling stm32f4xx_hal_msp.c...
compiling dma.c...
compiling st7789.c...
..\BSP\ST7789\Driver\Src\st7789.c(230): warning:  #186-D: pointless comparison of unsigned integer with zero
  	if ((x < 0) || (x >= ST7789_WIDTH) ||
..\BSP\ST7789\Driver\Src\st7789.c(231): warning:  #186-D: pointless comparison of unsigned integer with zero
  		 (y < 0) || (y >= ST7789_HEIGHT))	return;
..\BSP\ST7789\Driver\Src\st7789.c(249): warning:  #186-D: pointless comparison of unsigned integer with zero
  	if ((xEnd < 0) || (xEnd >= ST7789_WIDTH) ||
..\BSP\ST7789\Driver\Src\st7789.c(250): warning:  #186-D: pointless comparison of unsigned integer with zero
  		 (yEnd < 0) || (yEnd >= ST7789_HEIGHT))	return;
..\BSP\ST7789\Driver\Src\st7789.c: 4 warnings, 0 errors
compiling gpio.c...
compiling i2c.c...
compiling stm32f4xx_it.c...
compiling spi.c...
compiling stm32f4xx_hal_tim_ex.c...
compiling stm32f4xx_hal_flash_ex.c...
compiling stm32f4xx_hal_tim.c...
compiling stm32f4xx_hal_flash_ramfunc.c...
compiling usart.c...
compiling stm32f4xx_hal_flash.c...
compiling bsp_cst816t_driver.c...
compiling stm32f4xx_hal_rcc_ex.c...
compiling stm32f4xx_hal_rcc.c...
compiling stm32f4xx_hal_pwr.c...
compiling freertos.c...
../BSP/CST816T/Driver/Inc/bsp_cst816t_link.h(99): warning:  #188-D: enumerated type mixed with another type
      HAL_GPIO_WritePin(GPIOB, GPIO_PIN_10, state);
../Core/Src/freertos.c(61): warning:  #144-D: a value of type "uint8_t (*)(uint8_t *, uint32_t)" cannot be used to initialize an entity of type "uint8_t (*)(const uint8_t *, uint32_t)"
    .pf_spi_transmit = spi_transmit_data,
../Core/Src/freertos.c(62): warning:  #144-D: a value of type "uint8_t (*)(uint8_t *, uint32_t)" cannot be used to initialize an entity of type "uint8_t (*)(const uint8_t *, uint32_t)"
    .pf_spi_transmit_dma = spi_transmit_data_dma,
../Core/Src/freertos.c: 3 warnings, 0 errors
compiling croutine.c...
compiling list.c...
compiling event_groups.c...
compiling main.c...
compiling queue.c...
compiling stream_buffer.c...
compiling timers.c...
compiling stm32f4xx_hal_gpio.c...
compiling tasks.c...
compiling heap_4.c...
compiling lv_port_fs_template.c...
compiling stm32f4xx_hal_dma.c...
compiling port.c...
compiling stm32f4xx_hal_pwr_ex.c...
compiling stm32f4xx_hal_dma_ex.c...
compiling lv_disp.c...
compiling lv_event.c...
..\Middlewares\LVGL\lvgl\src\core\lv_event.c(120): warning:  #188-D: enumerated type mixed with another type
      return e->code & ~LV_EVENT_PREPROCESS;
..\Middlewares\LVGL\lvgl\src\core\lv_event.c: 1 warning, 0 errors
compiling lv_group.c...
compiling lv_indev_scroll.c...
compiling lv_indev.c...
compiling stm32f4xx_hal.c...
compiling stm32f4xx_hal_exti.c...
compiling stm32f4xx_hal_cortex.c...
compiling system_stm32f4xx.c...
compiling lv_obj_class.c...
compiling lv_obj_draw.c...
..\Middlewares\LVGL\lvgl\src\core\lv_obj_draw.c(393): warning:  #188-D: enumerated type mixed with another type
      if(obj->spec_attr) return obj->spec_attr->layer_type;
..\Middlewares\LVGL\lvgl\src\core\lv_obj_draw.c: 1 warning, 0 errors
compiling lv_obj.c...
compiling lv_draw_pxp.c...
compiling lv_obj_tree.c...
compiling lv_obj_style_gen.c...
compiling stm32f4xx_hal_uart.c...
compiling lv_obj_pos.c...
compiling lv_obj_scroll.c...
compiling lv_obj_style.c...
compiling lv_theme.c...
compiling lv_gpu_arm2d.c...
compiling stm32f4xx_hal_i2c_ex.c...
compiling lv_refr.c...
compiling lv_gpu_nxp_pxp.c...
compiling lv_draw_pxp_blend.c...
compiling lv_gpu_nxp_pxp_osa.c...
compiling stm32f4xx_hal_spi.c...
compiling lv_draw_vglite_arc.c...
compiling lv_draw_vglite.c...
compiling lv_draw_vglite_blend.c...
compiling lv_draw_vglite_line.c...
compiling stm32f4xx_hal_i2c.c...
compiling lv_draw_vglite_rect.c...
compiling lv_vglite_buf.c...
compiling lv_vglite_utils.c...
compiling lv_gpu_d2_draw_label.c...
compiling lv_draw_sdl.c...
compiling lv_draw_sdl_arc.c...
compiling lv_draw_sdl_bg.c...
compiling lv_gpu_d2_ra6m3.c...
compiling lv_draw_sdl_composite.c...
compiling lv_draw_sdl_img.c...
compiling lv_draw_sdl_label.c...
compiling lv_draw_sdl_layer.c...
compiling lv_draw_sdl_line.c...
compiling lv_draw_sdl_mask.c...
compiling lv_draw_sdl_polygon.c...
compiling lv_draw_sdl_rect.c...
compiling lv_draw_sdl_stack_blur.c...
compiling lv_draw_sdl_texture_cache.c...
compiling lv_draw_sdl_utils.c...
compiling lv_gpu_stm32_dma2d.c...
compiling lv_draw_sw.c...
compiling lv_draw_sw_dither.c...
compiling lv_draw_sw_arc.c...
compiling lv_port_indev_template.c...
..\Middlewares\LVGL\lvgl\examples\porting\lv_port_indev_template.c(65): warning:  #177-D: variable "encoder_diff"  was declared but never referenced
  static int32_t encoder_diff;
..\Middlewares\LVGL\lvgl\examples\porting\lv_port_indev_template.c(66): warning:  #177-D: variable "encoder_state"  was declared but never referenced
  static lv_indev_state_t encoder_state;
..\Middlewares\LVGL\lvgl\examples\porting\lv_port_indev_template.c: 2 warnings, 0 errors
compiling lv_draw_sw_gradient.c...
compiling lv_draw_sw_blend.c...
compiling lv_draw_sw_img.c...
compiling lv_draw_sw_layer.c...
compiling lv_draw_sw_polygon.c...
compiling lv_draw_sw_letter.c...
compiling lv_draw_sw_line.c...
compiling lv_gpu_swm341_dma2d.c...
compiling lv_draw.c...
compiling lv_draw_arc.c...
compiling lv_draw_sw_transform.c...
compiling lv_draw_img.c...
compiling lv_draw_layer.c...
compiling lv_draw_line.c...
compiling lv_draw_rect.c...
compiling lv_draw_triangle.c...
compiling lv_draw_transform.c...
compiling lv_port_disp_template.c...
..\Middlewares\LVGL\lvgl\examples\porting\lv_port_disp_template.c(25): warning:  #1215-D: #warning directive: Please define or replace the macro MY_DISP_HOR_RES with the actual screen width, default value 320 is used for now.
  #warning Please define or replace the macro MY_DISP_HOR_RES with the actual screen width, default value 320 is used for now.
..\Middlewares\LVGL\lvgl\examples\porting\lv_port_disp_template.c(30): warning:  #1215-D: #warning directive: Please define or replace the macro MY_DISP_HOR_RES with the actual screen height, default value 240 is used for now.
  #warning Please define or replace the macro MY_DISP_HOR_RES with the actual screen height, default value 240 is used for now.
..\Middlewares\LVGL\lvgl\examples\porting\lv_port_disp_template.c: 2 warnings, 0 errors
compiling lv_draw_label.c...
compiling lv_img_cache.c...
compiling cmsis_os2.c...
compiling lv_draw_sw_rect.c...
..\Middlewares\LVGL\lvgl\src\draw\sw\lv_draw_sw_rect.c(238): warning:  #546-D: transfer of control bypasses initialization of:
            variable "mask_any_center"  (declared at line 285)
          goto bg_clean_up;
          ^
..\Middlewares\LVGL\lvgl\src\draw\sw\lv_draw_sw_rect.c: 1 warning, 0 errors
compiling lv_img_buf.c...
compiling lv_img_decoder.c...
compiling lv_draw_mask.c...
compiling lv_bmp.c...
compiling lv_ffmpeg.c...
compiling lv_flex.c...
compiling lv_grid.c...
..\Middlewares\LVGL\lvgl\src\extra\layouts\grid\lv_grid.c(591): warning:  #188-D: enumerated type mixed with another type
      lv_grid_align_t col_align = get_cell_col_align(item);
..\Middlewares\LVGL\lvgl\src\extra\layouts\grid\lv_grid.c(592): warning:  #188-D: enumerated type mixed with another type
      lv_grid_align_t row_align = get_cell_row_align(item);
..\Middlewares\LVGL\lvgl\src\extra\layouts\grid\lv_grid.c: 2 warnings, 0 errors
compiling lv_freetype.c...
compiling gifdec.c...
compiling lv_fs_fatfs.c...
compiling lv_fs_stdio.c...
compiling lv_fs_posix.c...
compiling lv_fs_win32.c...
compiling lv_fragment.c...
compiling lv_gif.c...
compiling tjpgd.c...
compiling lodepng.c...
compiling lv_fragment_manager.c...
compiling lv_png.c...
compiling lv_rlottie.c...
compiling lv_qrcode.c...
compiling qrcodegen.c...
..\Middlewares\LVGL\lvgl\src\extra\libs\qrcode\qrcodegen.c(278): warning:  #188-D: enumerated type mixed with another type
  	applyMask(tempBuffer, qrcode, mask);
..\Middlewares\LVGL\lvgl\src\extra\libs\qrcode\qrcodegen.c(279): warning:  #188-D: enumerated type mixed with another type
  	drawFormatBits(ecl, mask, qrcode);
..\Middlewares\LVGL\lvgl\src\extra\libs\qrcode\qrcodegen.c: 2 warnings, 0 errors
compiling lv_sjpg.c...
compiling lv_gridnav.c...
compiling lv_ime_pinyin.c...
compiling lv_imgfont.c...
compiling lv_msg.c...
compiling lv_monkey.c...
compiling lv_snapshot.c...
compiling lv_calendar_header_arrow.c...
compiling lv_calendar_header_dropdown.c...
compiling lv_theme_basic.c...
compiling lv_animimg.c...
compiling lv_calendar.c...
compiling lv_theme_mono.c...
compiling lv_list.c...
compiling lv_keyboard.c...
compiling lv_imgbtn.c...
compiling lv_led.c...
compiling lv_menu.c...
compiling lv_colorwheel.c...
compiling lv_font.c...
compiling lv_theme_default.c...
..\Middlewares\LVGL\lvgl\src\extra\themes\default\lv_theme_default.c(213): warning:  #188-D: enumerated type mixed with another type
..\Middlewares\LVGL\lvgl\src\extra\themes\default\lv_theme_default.c: 1 warning, 0 errors
compiling lv_tileview.c...
compiling lv_msgbox.c...
compiling lv_spinner.c...
compiling lv_meter.c...
compiling lv_spinbox.c...
compiling lv_win.c...
compiling lv_tabview.c...
compiling lv_font_fmt_txt.c...
..\Middlewares\LVGL\lvgl\src\font\lv_font_fmt_txt.c(137): warning:  #111-D: statement is unreachable
      return NULL;
..\Middlewares\LVGL\lvgl\src\font\lv_font_fmt_txt.c: 1 warning, 0 errors
compiling lv_chart.c...
compiling lv_extra.c...
compiling lv_font_dejavu_16_persian_hebrew.c...
compiling lv_span.c...
..\Middlewares\LVGL\lvgl\src\extra\widgets\span\lv_span.c(901): warning:  #546-D: transfer of control bypasses initialization of:
            variable "align"  (declared at line 905)
              goto Next_line_init;
              ^
..\Middlewares\LVGL\lvgl\src\extra\widgets\span\lv_span.c: 1 warning, 0 errors
compiling lv_font_montserrat_8.c...
compiling lv_font_montserrat_10.c...
compiling lv_font_montserrat_12.c...
compiling lv_font_montserrat_12_subpx.c...
compiling lv_font_loader.c...
compiling lv_font_montserrat_16.c...
compiling lv_font_montserrat_14.c...
compiling lv_font_montserrat_18.c...
compiling lv_font_montserrat_22.c...
compiling lv_font_montserrat_20.c...
compiling lv_font_montserrat_24.c...
compiling lv_font_montserrat_26.c...
compiling lv_font_montserrat_28_compressed.c...
compiling lv_font_montserrat_32.c...
compiling lv_font_montserrat_28.c...
compiling lv_font_montserrat_30.c...
compiling lv_font_montserrat_40.c...
compiling lv_font_montserrat_36.c...
compiling lv_font_montserrat_34.c...
compiling lv_font_montserrat_38.c...
compiling lv_font_montserrat_42.c...
compiling lv_font_montserrat_44.c...
compiling lv_hal_tick.c...
..\Middlewares\LVGL\lvgl\src\hal\lv_hal_tick.c(77): warning:  #223-D: function "xTaskGetTickCount" declared implicitly
      return LV_TICK_CUSTOM_SYS_TIME_EXPR;
..\Middlewares\LVGL\lvgl\src\hal\lv_hal_tick.c: 1 warning, 0 errors
compiling lv_hal_indev.c...
compiling lv_font_montserrat_46.c...
compiling lv_font_montserrat_48.c...
compiling lv_font_unscii_16.c...
compiling lv_font_unscii_8.c...
compiling lv_font_simsun_16_cjk.c...
compiling lv_hal_disp.c...
..\Middlewares\LVGL\lvgl\src\hal\lv_hal_disp.c(582): warning:  #188-D: enumerated type mixed with another type
      return disp->driver->rotated;
..\Middlewares\LVGL\lvgl\src\hal\lv_hal_disp.c: 1 warning, 0 errors
compiling lv_async.c...
compiling lv_bidi.c...
compiling lv_anim_timeline.c...
compiling lv_anim.c...
compiling lv_color.c...
compiling lv_area.c...
compiling lv_fs.c...
compiling lv_gc.c...
compiling lv_log.c...
compiling lv_ll.c...
compiling lv_math.c...
compiling lv_lru.c...
..\Middlewares\LVGL\lvgl\src\misc\lv_lru.c(241): warning:  #68-D: integer conversion resulted in a change of sign
      uint32_t i = 0, min_index = -1;
..\Middlewares\LVGL\lvgl\src\misc\lv_lru.c(242): warning:  #68-D: integer conversion resulted in a change of sign
      uint64_t min_access_count = -1;
..\Middlewares\LVGL\lvgl\src\misc\lv_lru.c: 2 warnings, 0 errors
compiling lv_mem.c...
..\Middlewares\LVGL\lvgl\src\misc\lv_mem.c(325): warning:  #111-D: statement is unreachable
      return NULL;
..\Middlewares\LVGL\lvgl\src\misc\lv_mem.c: 1 warning, 0 errors
compiling lv_printf.c...
compiling lv_style.c...
..\Middlewares\LVGL\lvgl\src\misc\lv_style.c(214): warning:  #188-D: enumerated type mixed with another type
      return last_custom_prop_id;
..\Middlewares\LVGL\lvgl\src\misc\lv_style.c(219): warning:  #188-D: enumerated type mixed with another type
      return last_custom_prop_id - _LV_STYLE_LAST_BUILT_IN_PROP;
..\Middlewares\LVGL\lvgl\src\misc\lv_style.c(290): warning:  #188-D: enumerated type mixed with another type
      lv_style_set_prop_internal(style, prop | meta, null_style_value, lv_style_set_prop_meta_helper);
..\Middlewares\LVGL\lvgl\src\misc\lv_style.c: 3 warnings, 0 errors
compiling lv_templ.c...
compiling lv_style_gen.c...
compiling lv_utils.c...
compiling lv_timer.c...
compiling lv_txt_ap.c...
compiling lv_tlsf.c...
..\Middlewares\LVGL\lvgl\src\misc\lv_tlsf.c(898): warning:  #68-D: integer conversion resulted in a change of sign
          offset_to_block(pool, -(int)block_header_overhead);
..\Middlewares\LVGL\lvgl\src\misc\lv_tlsf.c(1000): warning:  #68-D: integer conversion resulted in a change of sign
      block = offset_to_block(mem, -(tlsfptr_t)block_header_overhead);
..\Middlewares\LVGL\lvgl\src\misc\lv_tlsf.c(1018): warning:  #68-D: integer conversion resulted in a change of sign
      block_header_t * block = offset_to_block(pool, -(int)block_header_overhead);
..\Middlewares\LVGL\lvgl\src\misc\lv_tlsf.c: 3 warnings, 0 errors
compiling lv_txt.c...
compiling lv_btn.c...
compiling lv_bar.c...
compiling lv_arc.c...
compiling lv_checkbox.c...
compiling lv_objx_templ.c...
compiling lv_canvas.c...
compiling lv_img.c...
compiling lv_line.c...
compiling lv_btnmatrix.c...
compiling lv_dropdown.c...
compiling lv_switch.c...
compiling lv_roller.c...
compiling lv_slider.c...
compiling lv_label.c...
compiling lv_textarea.c...
compiling events_init.c...
compiling _fen_alpha_70x5.c...
compiling gui_guider.c...
compiling widgets_init.c...
..\Middlewares\LVGL\LVGL_ui\widgets_init.c(89): warning:  #223-D: function "lv_analogclock_set_time" declared implicitly
          lv_analogclock_set_time(guider_ui.screen_analog_clock_1, screen_analog_clock_1_hour_value, screen_analog_clock_1_min_value, screen_analog_clock_1_sec_value);
..\Middlewares\LVGL\LVGL_ui\widgets_init.c: 1 warning, 0 errors
compiling lv_table.c...
compiling setup_scr_screen.c...
compiling _miao_alpha_70x5.c...
compiling _time_alpha_40x5.c...
compiling lv_font_alimama_12.c...
compiling lv_font_alimama_16.c...
compiling setup_scr_screen_1.c...
compiling lv_font_alimama_24.c...
compiling _biaopan1_alpha_240x240.c...
compiling _biaopan_alpha_240x240.c...
compiling setup_scr_screen_2.c...
compiling lv_analogclock.c...
linking...
Program Size: Code=192520 RO-data=256124 RW-data=848 ZI-data=116888  
FromELF: creating hex file...
"IIC_CST816T_LCD_driver\IIC_CST816T_LCD_driver.axf" - 0 Error(s), 37 Warning(s).

<h2>Software Packages used:</h2>

Package Vendor: ARM
                http://www.keil.com/pack/ARM.CMSIS.5.9.0.pack
                ARM.CMSIS.5.9.0
                CMSIS (Common Microcontroller Software Interface Standard)
   * Component: CORE Version: 5.6.0

Package Vendor: Keil
                https://www.keil.com/pack/Keil.STM32F4xx_DFP.2.17.1.pack
                Keil.STM32F4xx_DFP.2.17.1
                STMicroelectronics STM32F4 Series Device Support, Drivers and Examples

<h2>Collection of Component include folders:</h2>
  ./RTE/_IIC_CST816T_LCD_driver
  D:/Embedded Systems Course (2026)/ProgramFile/MDK/Packs/ARM/CMSIS/5.9.0/CMSIS/Core/Include
  D:/Embedded Systems Course (2026)/ProgramFile/MDK/Packs/Keil/STM32F4xx_DFP/2.17.1/Drivers/CMSIS/Device/ST/STM32F4xx/Include

<h2>Collection of Component Files used:</h2>

   * Component: ARM::CMSIS:CORE:5.6.0
      Include file:  CMSIS/Core/Include/tz_context.h
Build Time Elapsed:  00:00:14
</pre>
</body>
</html>
